// Jest Snapshot v1, https://goo.gl/fbAQLP

exports[`should put a page break 1`] = `
WordDocument {
  "doc": officegen {
    "_events": {
      "afterGen": [Function],
      "beforeGen": [Function],
      "clearData": [Function],
      "clearDoc": [Function],
      "clearDocType": [Function],
    },
    "_eventsCount": 5,
    "_maxListeners": undefined,
    "addPageBreak": [Function],
    "addResourceToParse": [Function],
    "cbMakeDocxDocument": [Function],
    "createByJson": [Function],
    "createJson": [Function],
    "createListOfDots": [Function],
    "createListOfNumbers": [Function],
    "createNestedOrderedList": [Function],
    "createNestedUnOrderedList": [Function],
    "createP": [Function],
    "createTable": [Function],
    "data": [
      {
        "data": [
          {
            "page_break": true,
          },
        ],
      },
    ],
    "generate": [Function],
    "getFooter": [Function],
    "getHeader": [Function],
    "info": {
      "cp:category": {
        "data": "",
        "def_data": "",
        "element": "cp:category",
      },
      "cp:contentStatus": {
        "data": "",
        "def_data": "",
        "element": "cp:contentStatus",
      },
      "cp:keywords": {
        "data": "",
        "def_data": "",
        "element": "cp:keywords",
      },
      "dc:description": {
        "data": "",
        "def_data": "",
        "element": "dc:description",
      },
      "dc:subject": {
        "data": "",
        "def_data": "",
        "element": "dc:subject",
      },
      "dc:title": {
        "data": "",
        "def_data": "",
        "element": "dc:title",
      },
    },
    "options": {
      "type": "docx",
    },
    "putPageBreak": [Function],
    "setDescription": [Function],
    "setDocCategory": [Function],
    "setDocKeywords": [Function],
    "setDocStatus": [Function],
    "setDocSubject": [Function],
    "setDocTitle": [Function],
    "setTheme": [Function],
    "startNewDoc": [Function],
    "theme": null,
    Symbol(kCapture): false,
  },
  "document": PageBreak {
    "adder": {
      "data": [
        {
          "page_break": true,
        },
      ],
    },
    "children": [],
    "parent": null,
    "props": {},
    "root": [Circular],
  },
}
`;
